// Vitest Snapshot v1, https://vitest.dev/guide/snapshot.html

exports[`convergeLayout — options and validation > default layout snapshot is stable across runs 1`] = `
{
  "bar": {
    "footBottom": 581.256,
    "footW": 5.000000000000001,
    "h": 4.5,
    "w": 728.2560000000001,
    "x": 595.584,
    "y": 546.75,
  },
  "charRuns": {
    "pipelines": [
      {
        "char": "P",
        "width": 29,
        "x": 1207,
      },
      {
        "char": "I",
        "width": 11,
        "x": 1238,
      },
      {
        "char": "P",
        "width": 29,
        "x": 1253,
      },
      {
        "char": "E",
        "width": 26,
        "x": 1284,
      },
      {
        "char": "L",
        "width": 25,
        "x": 1312,
      },
      {
        "char": "I",
        "width": 11,
        "x": 1338,
      },
      {
        "char": "N",
        "width": 30,
        "x": 1353,
      },
      {
        "char": "E",
        "width": 26,
        "x": 1387,
      },
      {
        "char": "S",
        "width": 27,
        "x": 1414,
      },
    ],
    "titleTail": [
      {
        "char": "a",
        "width": 45,
        "x": 573,
      },
      {
        "char": "n",
        "width": 48,
        "x": 620,
      },
      {
        "char": "d",
        "width": 49,
        "x": 670,
      },
      {
        "char": "p",
        "width": 49,
        "x": 741,
      },
      {
        "char": "i",
        "width": 22,
        "x": 789,
      },
      {
        "char": "p",
        "width": 50,
        "x": 812,
      },
      {
        "char": "e",
        "width": 61,
        "x": 866,
      },
      {
        "char": "l",
        "width": 22,
        "x": 928,
      },
      {
        "char": "i",
        "width": 22,
        "x": 951,
      },
      {
        "char": "n",
        "width": 24,
        "x": 975,
      },
      {
        "char": "e",
        "width": 46,
        "x": 1000,
      },
      {
        "char": "s",
        "width": 38,
        "x": 1050,
      },
      {
        "char": "s",
        "width": 48,
        "x": 1105,
      },
      {
        "char": "t",
        "width": 47,
        "x": 1152,
      },
      {
        "char": "i",
        "width": 19,
        "x": 1200,
      },
      {
        "char": "l",
        "width": 18,
        "x": 1222,
      },
      {
        "char": "l",
        "width": 19,
        "x": 1262,
      },
      {
        "char": "m",
        "width": 47,
        "x": 1288,
      },
      {
        "char": "a",
        "width": 39,
        "x": 1336,
      },
      {
        "char": "t",
        "width": 38,
        "x": 1378,
      },
      {
        "char": "t",
        "width": 32,
        "x": 1419,
      },
      {
        "char": "e",
        "width": 38,
        "x": 1452,
      },
      {
        "char": "r",
        "width": 31,
        "x": 1491,
      },
    ],
  },
  "columns": {
    "left": {
      "h": 79,
      "w": 98,
      "x": 547,
      "y": 628,
    },
    "leftTable": {
      "bars": [
        {
          "h": 20.5,
          "w": 5.5,
          "x": 578.75,
          "y": 658.75,
        },
        {
          "h": 20.5,
          "w": 5.5,
          "x": 611.7500000000001,
          "y": 658.75,
        },
        {
          "h": 17.25,
          "w": 5.5,
          "x": 578.75,
          "y": 685.75,
        },
        {
          "h": 17.25,
          "w": 5.5,
          "x": 611.7500000000001,
          "y": 685.75,
        },
      ],
      "dividers": [
        {
          "h": 6,
          "w": 104,
          "x": 544,
          "y": 653.0000000000001,
        },
        {
          "h": 6,
          "w": 104,
          "x": 544,
          "y": 680,
        },
      ],
    },
    "right": {
      "pins": {
        "bottom": 699.5,
        "top": 636,
        "width": 6.500000000000001,
        "x1": 1288,
        "x2": 1357,
      },
      "plate": {
        "h": 38.99999999999999,
        "rx": 6.5,
        "w": 103,
        "x": 1271,
        "y": 648,
      },
      "slots": {
        "bottom": 690,
        "top": 645,
        "width": 6,
        "x1": 1300.5,
        "x2": 1339.5,
      },
    },
  },
  "footer": {
    "h": 4.428,
    "tickTop": 867.78,
    "tickW": 4.416,
    "w": 1176.768,
    "x": 371.328,
    "y": 908.28,
  },
  "funnel": {
    "cone": {
      "left": {
        "x1": 941.952,
        "x2": 924.096,
        "y1": 385.452,
        "y2": 418.5,
      },
      "right": {
        "x1": 978.0479999999999,
        "x2": 996.0960000000001,
        "y1": 385.452,
        "y2": 418.5,
      },
    },
    "label": {
      "baseline": 476.28000000000003,
      "capHeight": 19.548000000000002,
      "width": 276.096,
      "x": 820.416,
    },
    "ring": {
      "cx": 960,
      "cy": 363.798,
      "r": 21,
    },
    "stem": {
      "x": 959.616,
      "y1": 521.964,
      "y2": 551.25,
    },
  },
  "labels": {
    "left": {
      "baseline": 840.5,
      "capHeight": 17.1,
      "width": 368.832,
      "x": 411.84,
    },
    "right": {
      "baseline": 840.5,
      "capHeight": 17.1,
      "width": 414.144,
      "x": 1113.6,
    },
  },
  "textRuns": {
    "leftLower": {
      "baseline": 791.5,
      "capHeight": 30.5,
      "width": 88.5,
      "x": 552.9999999999999,
    },
    "slab": {
      "baseline": 791.5,
      "capHeight": 31,
      "width": 234,
      "x": 1207,
    },
  },
  "viewBox": {
    "height": 1080,
    "width": 1920,
  },
}
`;
