// Vitest Snapshot v1, https://vitest.dev/guide/snapshot.html

exports[`pillarRowLayout — options and validation > n=3 layout snapshot is stable across runs 1`] = `
{
  "cards": [
    {
      "badge": {
        "cx": 590.00064,
        "cy": 641.00052,
        "icon": "<rect x="-22" y="-24" width="20" height="19" fill="none" stroke="currentColor" stroke-width="3"/><rect x="2" y="-24" width="20" height="19" fill="none" stroke="currentColor" stroke-width="3"/><rect x="-22" y="-4" width="44" height="28" fill="currentColor"/>",
        "r": 47.50164,
      },
      "caption": {
        "baselineY": 727.488,
        "capHeight": 18.792,
        "textLength": 108.672,
        "x": 535.488,
      },
      "captionMeta": {
        "baselineY": 753.732,
        "capHeight": 15.012,
        "textLength": 72,
        "x": 553.536,
      },
      "glyph": {
        "cx": 343.104,
        "cy": 555.39,
        "size": 107.136,
      },
      "index": 0,
      "label": {
        "baselineY": 638.28,
        "capHeight": 15.012,
        "textLength": 67.392,
        "x": 305.28,
      },
      "plate": {
        "h": 231.768,
        "w": 316.608,
        "x": 277.44,
        "y": 494.208,
      },
      "sublabel": {
        "baselineY": 664.524,
        "capHeight": 11.988,
        "textLength": 110.208,
        "x": 283.584,
      },
    },
    {
      "badge": {
        "cx": 1092,
        "cy": 641.00052,
        "icon": "<polygon points="0,-25 22.5,0 0,25 -22.5,0" fill="currentColor"/>",
        "r": 47.50164,
      },
      "caption": {
        "baselineY": 723.708,
        "capHeight": 15.012,
        "textLength": 136.512,
        "x": 1022.976,
      },
      "captionMeta": {
        "baselineY": 750.708,
        "capHeight": 11.988,
        "textLength": 109.632,
        "x": 1036.416,
      },
      "glyph": {
        "cx": 839.616,
        "cy": 555.39,
        "size": 105.6,
      },
      "index": 1,
      "label": {
        "baselineY": 638.28,
        "capHeight": 15.012,
        "textLength": 122.112,
        "x": 779.328,
      },
      "plate": {
        "h": 231.012,
        "w": 383.232,
        "x": 690.816,
        "y": 494.964,
      },
      "sublabel": {
        "baselineY": 664.524,
        "capHeight": 11.988,
        "textLength": 110.208,
        "x": 784.512,
      },
    },
    {
      "badge": {
        "cx": 1580.00064,
        "cy": 640.00044,
        "icon": "<line x1="-21" y1="-25" x2="-21" y2="24" stroke="currentColor" stroke-width="3"/><polygon points="-21,-25 23,-13 -21,-1" fill="none" stroke="currentColor" stroke-width="3"/>",
        "r": 46.50156,
      },
      "caption": {
        "baselineY": 725.22,
        "capHeight": 18.684,
        "textLength": 93.888,
        "x": 1532.928,
      },
      "captionMeta": {
        "baselineY": 747.792,
        "capHeight": 12.096,
        "textLength": 110.4,
        "x": 1523.904,
      },
      "glyph": {
        "cx": 1343.232,
        "cy": 555.39,
        "size": 107.904,
      },
      "index": 2,
      "label": {
        "baselineY": 638.28,
        "capHeight": 15.012,
        "textLength": 81.024,
        "x": 1301.952,
      },
      "plate": {
        "h": 229.5,
        "w": 383.232,
        "x": 1190.208,
        "y": 494.208,
      },
      "sublabel": {
        "baselineY": 664.524,
        "capHeight": 11.988,
        "textLength": 110.208,
        "x": 1286.208,
      },
    },
  ],
  "viewBox": {
    "height": 1080,
    "width": 1920,
  },
}
`;
