// Vitest Snapshot v1, https://vitest.dev/guide/snapshot.html

exports[`validation and determinism > layout snapshot (default viewBox) 1`] = `
{
  "accents": [
    {
      "box": {
        "h": 90.07199999999992,
        "w": 96.57600000000002,
        "x": 331.584,
        "y": 562.464,
      },
      "click": 3,
      "delayMs": 0,
      "id": "bodyIcon",
      "kind": "cursorSquare",
    },
    {
      "box": {
        "h": 128.3039999999999,
        "w": 13.440000000000012,
        "x": 275.328,
        "y": 550.476,
      },
      "click": 4,
      "delayMs": 0,
      "id": "redStrip",
      "kind": "strip",
    },
    {
      "box": {
        "h": 65.23200000000001,
        "w": 99.648,
        "x": 330.048,
        "y": 753.732,
      },
      "click": 5,
      "delayMs": 0,
      "glyph": {
        "h": 33.803999999999995,
        "w": 33.60000000000003,
        "x": 363.072,
        "y": 769.5,
      },
      "id": "tealTile",
      "kind": "smileTile",
    },
    {
      "box": {
        "h": 128.19600000000003,
        "w": 13.440000000000012,
        "x": 275.328,
        "y": 722.304,
      },
      "click": 5,
      "delayMs": 200,
      "id": "tealStrip",
      "kind": "strip",
    },
  ],
  "dots": [
    {
      "click": 2,
      "cx": 265.92,
      "cy": 385.12800000000004,
      "id": "red",
      "r": 7.872000000000012,
    },
    {
      "click": 2,
      "cx": 294.336,
      "cy": 385.12800000000004,
      "id": "amber",
      "r": 6.335999999999995,
    },
    {
      "click": 2,
      "cx": 322.944,
      "cy": 385.12800000000004,
      "id": "green",
      "r": 7.10399999999999,
    },
  ],
  "plate": {
    "h": 586.548,
    "w": 1473.024,
    "x": 221.952,
    "y": 332.964,
  },
  "plateDimOpacity": 0.27,
  "rows": [
    {
      "box": {
        "h": 17.928000000000004,
        "w": 339.072,
        "x": 369.024,
        "y": 375.516,
      },
      "cap": 17.928000000000004,
      "click": 2,
      "delayMs": 0,
      "id": "status",
      "strokePx": 0.5,
      "tone": "dim",
      "weight": 700,
      "words": [
        {
          "box": {
            "h": 17.928000000000004,
            "w": 340.99199999999996,
            "x": 369.792,
            "y": 377.36600000000004,
          },
        },
      ],
      "yNudge": 1.85,
    },
    {
      "box": {
        "h": 18.575999999999993,
        "w": 168.00000000000006,
        "x": 1488,
        "y": 378.972,
      },
      "cap": 18.575999999999993,
      "click": 2,
      "delayMs": 66,
      "id": "statusTeal",
      "strokePx": 0,
      "tone": "teal",
      "weight": 400,
      "words": [
        {
          "box": {
            "h": 18.575999999999993,
            "w": 25.72800000000015,
            "x": 1491.072,
            "y": 377.12199999999996,
          },
        },
        {
          "box": {
            "h": 18.575999999999993,
            "w": 131.90399999999997,
            "x": 1525.056,
            "y": 377.12199999999996,
          },
        },
      ],
      "yNudge": -1.85,
    },
    {
      "box": {
        "h": 21.923999999999985,
        "w": 470.97600000000006,
        "x": 329.08799999999997,
        "y": 481.03200000000004,
      },
      "cap": 21.923999999999985,
      "click": 2,
      "delayMs": 267,
      "id": "heading",
      "strokePx": 1,
      "tone": "dim",
      "weight": 700,
      "words": [
        {
          "box": {
            "h": 21.923999999999985,
            "w": 65.856,
            "x": 329.472,
            "y": 481.03200000000004,
          },
        },
        {
          "box": {
            "h": 21.923999999999985,
            "w": 218.11199999999997,
            "x": 432.384,
            "y": 481.03200000000004,
          },
        },
        {
          "box": {
            "h": 21.923999999999985,
            "w": 116.92800000000003,
            "x": 684.48,
            "y": 481.03200000000004,
          },
        },
      ],
      "yNudge": 0,
    },
    {
      "box": {
        "h": 34.01999999999997,
        "w": 457.152,
        "x": 466.944,
        "y": 578.016,
      },
      "cap": 34.01999999999997,
      "click": 3,
      "delayMs": 66,
      "id": "bodyLine",
      "strokePx": 4,
      "tone": "bright",
      "weight": 700,
      "words": [
        {
          "box": {
            "h": 34.01999999999997,
            "w": 152.06399999999994,
            "x": 467.71200000000005,
            "y": 578.016,
          },
        },
        {
          "box": {
            "h": 34.01999999999997,
            "w": 72.95999999999995,
            "x": 633.792,
            "y": 578.016,
          },
        },
        {
          "box": {
            "h": 34.01999999999997,
            "w": 52.032000000000025,
            "x": 721.7280000000001,
            "y": 578.016,
          },
        },
        {
          "box": {
            "h": 34.01999999999997,
            "w": 138.04800000000003,
            "x": 787.776,
            "y": 578.016,
          },
        },
      ],
      "yNudge": 0,
    },
    {
      "box": {
        "h": 17.927999999999944,
        "w": 421.05600000000004,
        "x": 465.984,
        "y": 639.0360000000001,
      },
      "cap": 17.927999999999944,
      "click": 4,
      "delayMs": 334,
      "id": "redLine",
      "strokePx": 0.75,
      "tone": "dim",
      "weight": 700,
      "words": [
        {
          "box": {
            "h": 17.927999999999944,
            "w": 98.11200000000001,
            "x": 466.752,
            "y": 639.0360000000001,
          },
        },
        {
          "box": {
            "h": 17.927999999999944,
            "w": 46.08000000000004,
            "x": 586.752,
            "y": 639.0360000000001,
          },
        },
        {
          "box": {
            "h": 17.927999999999944,
            "w": 63.16799999999997,
            "x": 654.72,
            "y": 639.0360000000001,
          },
        },
        {
          "box": {
            "h": 17.927999999999944,
            "w": 46.08000000000004,
            "x": 739.776,
            "y": 639.0360000000001,
          },
        },
        {
          "box": {
            "h": 17.927999999999944,
            "w": 80.06399999999992,
            "x": 808.7040000000001,
            "y": 639.0360000000001,
          },
        },
      ],
      "yNudge": 0,
    },
    {
      "box": {
        "h": 34.01999999999997,
        "w": 491.1360000000001,
        "x": 466.944,
        "y": 749.952,
      },
      "cap": 34.01999999999997,
      "click": 6,
      "delayMs": 0,
      "id": "tealLine",
      "strokePx": 4,
      "tone": "bright",
      "weight": 700,
      "words": [
        {
          "box": {
            "h": 34.01999999999997,
            "w": 153.02399999999994,
            "x": 467.71200000000005,
            "y": 750.852,
          },
        },
        {
          "box": {
            "h": 34.01999999999997,
            "w": 43.96800000000006,
            "x": 636.864,
            "y": 750.852,
          },
        },
        {
          "box": {
            "h": 34.01999999999997,
            "w": 264.9599999999999,
            "x": 695.808,
            "y": 750.852,
          },
        },
      ],
      "yNudge": 0.9,
    },
    {
      "box": {
        "h": 18.03600000000005,
        "w": 537.984,
        "x": 466.944,
        "y": 810,
      },
      "cap": 18.03600000000005,
      "click": 7,
      "delayMs": 0,
      "id": "lastLine",
      "strokePx": 0.65,
      "tone": "dim",
      "weight": 700,
      "words": [
        {
          "box": {
            "h": 18.03600000000005,
            "w": 114.04799999999996,
            "x": 467.71200000000005,
            "y": 810.9,
          },
        },
        {
          "box": {
            "h": 18.03600000000005,
            "w": 63.93599999999999,
            "x": 602.88,
            "y": 810.9,
          },
        },
        {
          "box": {
            "h": 18.03600000000005,
            "w": 47.039999999999935,
            "x": 687.744,
            "y": 810.9,
          },
        },
        {
          "box": {
            "h": 18.03600000000005,
            "w": 97.91999999999999,
            "x": 756.864,
            "y": 810.9,
          },
        },
        {
          "box": {
            "h": 18.03600000000005,
            "w": 29.183999999999983,
            "x": 875.712,
            "y": 810.9,
          },
        },
        {
          "box": {
            "h": 18.03600000000005,
            "w": 81.98399999999992,
            "x": 924.864,
            "y": 810.9,
          },
        },
      ],
      "yNudge": 0.9,
    },
  ],
  "statusGlyph": {
    "h": 29.268000000000015,
    "w": 58.36799999999997,
    "x": 1425.7920000000001,
    "y": 367.186,
  },
  "title": {
    "capHeight": 64.044,
    "capTop": 97.956,
    "centerX": 963.552,
    "inkWidth": 634.944,
  },
  "viewBox": {
    "height": 1080,
    "width": 1920,
  },
}
`;
