// Vitest Snapshot v1, https://vitest.dev/guide/snapshot.html

exports[`validation and determinism > layout snapshot (default viewBox) 1`] = `
{
  "accents": [
    {
      "box": {
        "h": 128.3039999999999,
        "w": 13.440000000000012,
        "x": 275.328,
        "y": 550.476,
      },
      "click": 4,
      "delayMs": 0,
      "id": "redStrip",
    },
    {
      "box": {
        "h": 128.19600000000003,
        "w": 13.440000000000012,
        "x": 275.328,
        "y": 722.304,
      },
      "click": 5,
      "delayMs": 0,
      "id": "tealStrip",
    },
    {
      "box": {
        "h": 65.23200000000001,
        "w": 99.648,
        "x": 330.048,
        "y": 753.732,
      },
      "click": 5,
      "delayMs": 0,
      "glyph": {
        "h": 33.803999999999995,
        "w": 33.60000000000003,
        "x": 363.072,
        "y": 769.5,
      },
      "id": "tealTile",
    },
  ],
  "dots": [
    {
      "click": 2,
      "cx": 265.92,
      "cy": 385.12800000000004,
      "id": "red",
      "r": 7.872000000000012,
    },
    {
      "click": 2,
      "cx": 294.336,
      "cy": 385.12800000000004,
      "id": "amber",
      "r": 6.335999999999995,
    },
    {
      "click": 2,
      "cx": 322.944,
      "cy": 385.12800000000004,
      "id": "green",
      "r": 7.10399999999999,
    },
  ],
  "plate": {
    "h": 586.548,
    "w": 1473.024,
    "x": 221.952,
    "y": 332.964,
  },
  "plateDimOpacity": 0.27,
  "rows": [
    {
      "box": {
        "h": 21.06000000000002,
        "w": 336.00000000000006,
        "x": 369.024,
        "y": 374.976,
      },
      "cap": 21.06000000000002,
      "click": 2,
      "delayMs": 0,
      "id": "status",
      "lines": [
        "",
      ],
      "tone": "dim",
    },
    {
      "box": {
        "h": 23.976,
        "w": 229.43999999999988,
        "x": 1425.7920000000001,
        "y": 369.792,
      },
      "cap": 23.976,
      "click": 2,
      "delayMs": 66,
      "id": "statusTeal",
      "lines": [
        "",
      ],
      "tone": "teal",
    },
    {
      "box": {
        "h": 21.05999999999996,
        "w": 469.44000000000005,
        "x": 328.512,
        "y": 479.952,
      },
      "cap": 21.05999999999996,
      "click": 3,
      "delayMs": 0,
      "id": "heading",
      "lines": [
        "",
      ],
      "tone": "bright",
    },
    {
      "box": {
        "h": 91.58399999999999,
        "w": 592.512,
        "x": 331.584,
        "y": 562.464,
      },
      "cap": 21.05999999999996,
      "click": 3,
      "delayMs": 120,
      "id": "body",
      "lines": [
        "",
        "",
        "",
      ],
      "tone": "bright",
    },
    {
      "box": {
        "h": 16.41599999999999,
        "w": 417.024,
        "x": 466.56,
        "y": 639.0360000000001,
      },
      "cap": 16.41599999999999,
      "click": 4,
      "delayMs": 300,
      "id": "redLine",
      "lines": [
        "",
      ],
      "tone": "bright",
    },
    {
      "box": {
        "h": 33.803999999999995,
        "w": 488.8320000000001,
        "x": 468.096,
        "y": 749.952,
      },
      "cap": 33.803999999999995,
      "click": 6,
      "delayMs": 0,
      "id": "tealLine",
      "lines": [
        "",
      ],
      "tone": "bright",
    },
    {
      "box": {
        "h": 16.5240000000001,
        "w": 536.8319999999999,
        "x": 468.096,
        "y": 811.512,
      },
      "cap": 16.5240000000001,
      "click": 7,
      "delayMs": 0,
      "id": "lastLine",
      "lines": [
        "",
      ],
      "tone": "bright",
    },
  ],
  "title": {
    "capHeight": 54.75599999999999,
    "capTop": 107.244,
    "centerX": 963.744,
    "inkWidth": 634.5600000000001,
  },
  "viewBox": {
    "height": 1080,
    "width": 1920,
  },
}
`;
