// Vitest Snapshot v1, https://vitest.dev/guide/snapshot.html

exports[`stairLayout — family default walk > default n=6 walk snapshot is stable across runs 1`] = `
{
  "blocks": [
    {
      "h": 146,
      "index": 0,
      "w": 146,
      "x": 63,
      "y": 758,
    },
    {
      "h": 146,
      "index": 1,
      "w": 146,
      "x": 395,
      "y": 693,
    },
    {
      "h": 146,
      "index": 2,
      "w": 146,
      "x": 719,
      "y": 734,
    },
    {
      "h": 146,
      "index": 3,
      "w": 146,
      "x": 1036,
      "y": 612,
    },
    {
      "h": 146,
      "index": 4,
      "w": 146,
      "x": 1351,
      "y": 538,
    },
    {
      "h": 146,
      "index": 5,
      "w": 146,
      "x": 1619,
      "y": 465,
    },
  ],
  "viewBox": {
    "height": 1080,
    "width": 1920,
  },
}
`;
