// Vitest Snapshot v1, https://vitest.dev/guide/snapshot.html

exports[`stairLayout — options and validation > n=6 layout snapshot is stable across runs 1`] = `
{
  "blocks": [
    {
      "h": 147.96,
      "index": 0,
      "w": 149.76,
      "x": 63.36,
      "y": 755.9999999999999,
    },
    {
      "h": 147.96,
      "index": 1,
      "w": 149.76,
      "x": 380.16,
      "y": 682.5599999999998,
    },
    {
      "h": 147.96,
      "index": 2,
      "w": 149.76,
      "x": 696.96,
      "y": 609.1199999999999,
    },
    {
      "h": 147.96,
      "index": 3,
      "w": 149.76,
      "x": 1013.7600000000001,
      "y": 535.6799999999998,
    },
    {
      "h": 147.96,
      "index": 4,
      "w": 149.76,
      "x": 1330.56,
      "y": 462.2399999999998,
    },
    {
      "h": 147.96,
      "index": 5,
      "w": 149.76,
      "x": 1647.36,
      "y": 388.79999999999984,
    },
  ],
  "viewBox": {
    "height": 1080,
    "width": 1920,
  },
}
`;
