// Vitest Snapshot v1, https://vitest.dev/guide/snapshot.html

exports[`stepPanelLayout — determinism > the seed layout snapshot is stable across runs 1`] = `
{
  "annotation": {
    "amberBars": [
      {
        "h": 70.524,
        "w": 46.464,
        "x": 1218.048,
        "y": 821.232,
      },
      {
        "h": 72.792,
        "w": 47.232,
        "x": 1275.0720000000001,
        "y": 820.476,
      },
    ],
    "digits": {
      "h": 18.684,
      "w": 144.768,
      "x": 1348.4160000000002,
      "y": 829.548,
    },
    "leftBar": {
      "h": 71.28,
      "w": 5.184,
      "x": 234.048,
      "y": 820.476,
    },
    "leftGlyph": {
      "h": 35.208,
      "w": 29.184,
      "x": 273.024,
      "y": 840.024,
    },
    "leftText": {
      "h": 23.976000000000003,
      "w": 583.488,
      "x": 330.048,
      "y": 843.048,
    },
    "rightText": {
      "h": 16.416,
      "w": 334.464,
      "x": 1347.0720000000001,
      "y": 870.048,
    },
  },
  "chip": {
    "label": {
      "h": 20.952,
      "w": 183.744,
      "x": 307.584,
      "y": 344.304,
    },
    "mark": {
      "h": 37.583999999999996,
      "w": 47.232,
      "x": 236.928,
      "y": 332.964,
    },
  },
  "plate": {
    "h": 393.012,
    "w": 1450.368,
    "x": 234.048,
    "y": 408.024,
  },
  "rows": [
    {
      "band": {
        "h": 109.512,
        "w": 1450.368,
        "x": 234.048,
        "y": 427.464,
      },
      "id": "draft",
      "label": {
        "h": 26.244,
        "w": 197.184,
        "x": 275.328,
        "y": 466.452,
      },
      "sub": "Describe the outcome in one paragraph",
      "title": {
        "h": 18.035999999999998,
        "w": 446.976,
        "x": 594.048,
        "y": 474.012,
      },
      "tone": "accent",
    },
    {
      "band": {
        "h": 109.512,
        "w": 1450.368,
        "x": 234.048,
        "y": 560.952,
      },
      "id": "spec",
      "label": {
        "h": 26.244,
        "w": 119.232,
        "x": 275.328,
        "y": 598.5360000000001,
      },
      "sub": "Requirements, design, and task list",
      "title": {
        "h": 15.011999999999999,
        "w": 355.392,
        "x": 594.048,
        "y": 605.988,
      },
      "tone": "alt",
    },
    {
      "band": {
        "h": 111.024,
        "w": 1450.368,
        "x": 234.048,
        "y": 690.0120000000001,
      },
      "id": "build",
      "label": {
        "h": 26.244,
        "w": 146.112,
        "x": 274.56,
        "y": 730.5120000000001,
      },
      "sub": "Kiro codes the task list with you",
      "title": {
        "h": 13.5,
        "w": 508.41599999999994,
        "x": 594.048,
        "y": 737.964,
      },
      "tone": "tertiary",
    },
  ],
  "title": {
    "accentInk": {
      "h": 52.488,
      "w": 302.4,
      "x": 556.416,
      "y": 108,
    },
    "whiteInk": {
      "h": 52.488,
      "w": 506.88,
      "x": 859.584,
      "y": 108,
    },
  },
  "viewBox": {
    "height": 1080,
    "width": 1920,
  },
}
`;
